[ 2026-05-31 10:56:15,877 ] 1025 httpx - INFO - HTTP Request: GET https://dagshub.com/api/v1/user "HTTP/1.1 200 OK"
[ 2026-05-31 10:56:15,914 ] 107 dagshub - INFO - Accessing as Sanat-007
[ 2026-05-31 10:56:17,636 ] 1025 httpx - INFO - HTTP Request: GET https://dagshub.com/api/v1/repos/Sanat-007/NETWORK_SECURITY "HTTP/1.1 200 OK"
[ 2026-05-31 10:56:19,043 ] 1025 httpx - INFO - HTTP Request: GET https://dagshub.com/api/v1/user "HTTP/1.1 200 OK"
[ 2026-05-31 10:56:19,049 ] 107 dagshub - INFO - Initialized MLflow to track repo "Sanat-007/NETWORK_SECURITY"
[ 2026-05-31 10:56:19,051 ] 107 dagshub - INFO - Repository Sanat-007/NETWORK_SECURITY initialized!
[ 2026-05-31 10:56:19,054 ] 15 root - INFO - Initiate the data ingestion
[ 2026-05-31 10:56:36,150 ] 70 root - INFO - Performed train test split on the dataframe
[ 2026-05-31 10:56:36,150 ] 72 root - INFO - Exited split_data_as_train_test method of Data_Ingestion class
[ 2026-05-31 10:56:36,151 ] 80 root - INFO - Expoting train and test file path.
[ 2026-05-31 10:56:36,484 ] 88 root - INFO - Exported train and test file path
[ 2026-05-31 10:56:36,486 ] 17 root - INFO - Data ingestion completed and artifact is created
[ 2026-05-31 10:56:36,511 ] 23 root - INFO - Initiate the data validation
[ 2026-05-31 10:56:36,738 ] 36 root - INFO - Required number of columns: 31
[ 2026-05-31 10:56:36,739 ] 37 root - INFO - Dataframe has columns: 31
[ 2026-05-31 10:56:36,739 ] 36 root - INFO - Required number of columns: 31
[ 2026-05-31 10:56:36,739 ] 37 root - INFO - Dataframe has columns: 31
[ 2026-05-31 10:56:37,357 ] 25 root - INFO - Data validation completed and artifact is created
[ 2026-05-31 10:56:37,358 ] 20 root - INFO - >>>>>>>>>>>>>>>>>>>>>>>>>>>>>>>>>>>>>>>>Data Transformation log started.<<<<<<<<<<<<<<<<<<<<<<<<<<<<<<<<<<<<<<<<
[ 2026-05-31 10:56:37,358 ] 31 root - INFO - Initiate the data transformation
[ 2026-05-31 10:56:37,358 ] 49 root - INFO - Obtaining training and testing file path.
[ 2026-05-31 10:56:37,358 ] 53 root - INFO - Loading training and testing data as pandas dataframe.
[ 2026-05-31 10:56:37,504 ] 57 root - INFO - Splitting input and target feature from training and testing dataframe.
[ 2026-05-31 10:56:37,511 ] 37 root - INFO - Entering get_data_transformer_object method of DataTransformation class.
[ 2026-05-31 10:56:37,541 ] 73 root - INFO - Concatenating transformed input features and target feature for training and testing data.
[ 2026-05-31 10:56:37,543 ] 77 root - INFO - Saving transformed training and testing array.
[ 2026-05-31 10:56:37,557 ] 80 root - INFO - Saving preprocessor object.
[ 2026-05-31 10:56:37,557 ] 41 root - INFO - Entered the save_object method of Main Utils class
[ 2026-05-31 10:56:37,569 ] 46 root - INFO - Exited the save_object method of Main Utils class
[ 2026-05-31 10:56:37,569 ] 82 root - INFO - Data transformation completed successfully.
[ 2026-05-31 10:56:37,572 ] 33 root - INFO - Data transformation completed and artifact is created
[ 2026-05-31 10:56:37,573 ] 36 root - INFO - Initiate the model trainer
[ 2026-05-31 10:56:37,573 ] 41 root - INFO - Model trainer initiated
[ 2026-05-31 10:56:37,573 ] 140 root - INFO - Loading transformed training data
[ 2026-05-31 10:56:37,630 ] 147 root - INFO - Splitting training data into X and y
[ 2026-05-31 10:56:37,630 ] 154 root - INFO - Training model
[ 2026-05-31 11:00:46,137 ] 52 root - INFO - Entered the load_object method of Main Utils class
[ 2026-05-31 11:00:46,169 ] 41 root - INFO - Entered the save_object method of Main Utils class
[ 2026-05-31 11:00:46,230 ] 46 root - INFO - Exited the save_object method of Main Utils class
[ 2026-05-31 11:00:46,230 ] 130 root - INFO - Model trainer artifact: ModelTrainerArtifact(trained_model_file_path='Artifacts\\05_31_2026_10_56_00\\model_trainer\\trained_model\\model.pkl', train_metric_artifact=ClassificationMetricArtifact(f1_score=0.9911843232078988, precision_score=0.9888430998090261, recall_score=0.9935366592607554), test_metric_artifact=ClassificationMetricArtifact(f1_score=0.9857113273969766, precision_score=0.9846917666528755, recall_score=0.9867330016583747))
[ 2026-05-31 11:00:46,235 ] 43 root - INFO - Model trainer artifact created
